[0512/232425.413:ERROR:gpu_init.cc(426)] Passthrough is not supported, GL is disabled
[0513/003553.659:WARNING:spdy_session.cc(3431)] Received HEADERS for invalid stream 59
[0513/003810.306:WARNING:spdy_session.cc(3431)] Received HEADERS for invalid stream 33
[0513/003810.306:WARNING:spdy_session.cc(3431)] Received HEADERS for invalid stream 1
[0513/003819.086:WARNING:spdy_session.cc(3431)] Received HEADERS for invalid stream 63
[0513/003819.086:WARNING:spdy_session.cc(3431)] Received HEADERS for invalid stream 35
[0513/003835.171:WARNING:spdy_session.cc(3431)] Received HEADERS for invalid stream 85
[0513/003835.171:WARNING:spdy_session.cc(3431)] Received HEADERS for invalid stream 69
[0513/004132.207:WARNING:spdy_session.cc(3431)] Received HEADERS for invalid stream 11
[0513/004146.262:WARNING:spdy_session.cc(3431)] Received HEADERS for invalid stream 13
[0513/004237.314:WARNING:spdy_session.cc(3431)] Received HEADERS for invalid stream 105
[0513/004238.103:WARNING:spdy_session.cc(3431)] Received HEADERS for invalid stream 17
[0513/004319.367:WARNING:video_capture_oracle.cc(151)] Event time is not monotonically non-decreasing.  Deciding not to capture this frame.
[0513/004319.827:WARNING:spdy_session.cc(3431)] Received HEADERS for invalid stream 19
[0513/020236.425:WARNING:spdy_session.cc(3431)] Received HEADERS for invalid stream 53
[0513/020237.496:WARNING:angle_platform_impl.cc(48)] HLSLCompiler.cpp:257 (compileToBinary): 
C:\fakepath(102,1-6): warning X4000: use of potentially uninitialized variable (dyn_index_vec4_float4)

[0513/020237.645:WARNING:angle_platform_impl.cc(48)] HLSLCompiler.cpp:257 (compileToBinary): 
C:\fakepath(135,1): warning X4000: use of potentially uninitialized variable (f_i)
C:\fakepath(137,1): warning X4000: use of potentially uninitialized variable (f_i)
C:\fakepath(173,1): warning X4000: use of potentially uninitialized variable (f_u)

[0513/020238.778:WARNING:angle_platform_impl.cc(48)] HLSLCompiler.cpp:257 (compileToBinary): 
C:\fakepath(165,1): warning X4000: use of potentially uninitialized variable (f_renderMipMapLevel)

[0513/020552.731:WARNING:angle_platform_impl.cc(48)] HLSLCompiler.cpp:257 (compileToBinary): 
C:\fakepath(102,1-6): warning X4000: use of potentially uninitialized variable (dyn_index_vec4_float4)

[0513/020552.844:WARNING:angle_platform_impl.cc(48)] HLSLCompiler.cpp:257 (compileToBinary): 
C:\fakepath(135,1): warning X4000: use of potentially uninitialized variable (f_i)
C:\fakepath(137,1): warning X4000: use of potentially uninitialized variable (f_i)
C:\fakepath(173,1): warning X4000: use of potentially uninitialized variable (f_u)

[0513/020553.030:WARNING:angle_platform_impl.cc(48)] HLSLCompiler.cpp:257 (compileToBinary): 
C:\fakepath(165,1): warning X4000: use of potentially uninitialized variable (f_renderMipMapLevel)

[0513/020553.185:ERROR:gl_utils.cc(314)] [.WebGL-0000030552363B80] GL_INVALID_OPERATION: Two textures of different types use the same sampler location.
[0513/020553.200:ERROR:gl_utils.cc(314)] [.WebGL-0000030552363B80] GL_INVALID_OPERATION: Two textures of different types use the same sampler location.
[0513/045623.529:WARNING:spdy_session.cc(3431)] Received HEADERS for invalid stream 87
[0513/045623.772:WARNING:angle_platform_impl.cc(48)] HLSLCompiler.cpp:257 (compileToBinary): 
C:\fakepath(102,1-6): warning X4000: use of potentially uninitialized variable (dyn_index_vec4_float4)

[0513/045623.869:WARNING:angle_platform_impl.cc(48)] HLSLCompiler.cpp:257 (compileToBinary): 
C:\fakepath(135,1): warning X4000: use of potentially uninitialized variable (f_i)
C:\fakepath(137,1): warning X4000: use of potentially uninitialized variable (f_i)
C:\fakepath(173,1): warning X4000: use of potentially uninitialized variable (f_u)

[0513/045624.003:WARNING:angle_platform_impl.cc(48)] HLSLCompiler.cpp:257 (compileToBinary): 
C:\fakepath(165,1): warning X4000: use of potentially uninitialized variable (f_renderMipMapLevel)

[0513/045624.009:WARNING:angle_platform_impl.cc(48)] HLSLCompiler.cpp:257 (compileToBinary): 
C:\fakepath(165,1): warning X4000: use of potentially uninitialized variable (f_renderMipMapLevel)

[0513/045624.025:WARNING:angle_platform_impl.cc(48)] HLSLCompiler.cpp:257 (compileToBinary): 
C:\fakepath(165,1): warning X4000: use of potentially uninitialized variable (f_renderMipMapLevel)

[0513/045624.269:ERROR:gl_utils.cc(314)] [.WebGL-000006C39A5D2180] GL_INVALID_OPERATION: Two textures of different types use the same sampler location.
[0513/045624.269:ERROR:gl_utils.cc(314)] [.WebGL-000006C39A5D2180] GL_INVALID_OPERATION: Two textures of different types use the same sampler location.
[0513/045624.269:ERROR:gl_utils.cc(314)] [.WebGL-000006C39A5D2180] GL_INVALID_OPERATION: Two textures of different types use the same sampler location.
[0513/045624.269:ERROR:gl_utils.cc(314)] [.WebGL-000006C39A5D2180] GL_INVALID_OPERATION: Two textures of different types use the same sampler location.
[0513/045624.269:ERROR:gl_utils.cc(314)] [.WebGL-000006C39A5D2180] GL_INVALID_OPERATION: Two textures of different types use the same sampler location.
[0513/045624.269:ERROR:gl_utils.cc(314)] [.WebGL-000006C39A5D2180] GL_INVALID_OPERATION: Two textures of different types use the same sampler location.
[0513/045624.269:ERROR:gl_utils.cc(314)] [.WebGL-000006C39A5D2180] GL_INVALID_OPERATION: Two textures of different types use the same sampler location.
[0513/045624.269:ERROR:gl_utils.cc(314)] [.WebGL-000006C39A5D2180] GL_INVALID_OPERATION: Two textures of different types use the same sampler location.
[0513/045624.299:ERROR:gl_utils.cc(314)] [.WebGL-000006C39A5D2180] GL_INVALID_OPERATION: Two textures of different types use the same sampler location.
[0513/045624.299:ERROR:gl_utils.cc(314)] [.WebGL-000006C39A5D2180] GL_INVALID_OPERATION: Two textures of different types use the same sampler location.
[0513/045624.299:ERROR:gl_utils.cc(314)] [.WebGL-000006C39A5D2180] GL_INVALID_OPERATION: Two textures of different types use the same sampler location.
[0513/045624.299:ERROR:gl_utils.cc(314)] [.WebGL-000006C39A5D2180] GL_INVALID_OPERATION: Two textures of different types use the same sampler location.
[0513/045624.299:ERROR:gl_utils.cc(314)] [.WebGL-000006C39A5D2180] GL_INVALID_OPERATION: Two textures of different types use the same sampler location.
[0513/045624.299:ERROR:gl_utils.cc(314)] [.WebGL-000006C39A5D2180] GL_INVALID_OPERATION: Two textures of different types use the same sampler location.
[0513/045624.299:ERROR:gl_utils.cc(314)] [.WebGL-000006C39A5D2180] GL_INVALID_OPERATION: Two textures of different types use the same sampler location.
[0513/045624.299:ERROR:gl_utils.cc(314)] [.WebGL-000006C39A5D2180] GL_INVALID_OPERATION: Two textures of different types use the same sampler location.
[0513/053419.244:WARNING:spdy_session.cc(3431)] Received HEADERS for invalid stream 31
